{
  "annotations": {
    "title": "Create pending pull request review",
    "readOnlyHint": false
  },
  "description": "Create a pending review for a pull request. Call this first before attempting to add comments to a pending review, and ultimately submitting it. A pending pull request review means a pull request review, it is pending because you create it first and submit it later, and the PR author will not see it until it is submitted.",
  "inputSchema": {
    "properties": {
      "commitID": {
        "description": "SHA of commit to review",
        "type": "string"
      },
      "owner": {
        "description": "Repository owner",
        "type": "string"
      },
      "pullNumber": {
        "description": "Pull request number",
        "type": "number"
      },
      "repo": {
        "description": "Repository name",
        "type": "string"
      }
    },
    "required": [
      "owner",
      "repo",
      "pullNumber"
    ],
    "type": "object"
  },
  "name": "create_pending_pull_request_review"
}