{
  "annotations": {
    "title": "Get file or directory contents",
    "readOnlyHint": true
  },
  "description": "Get the contents of a file or directory from a GitHub repository",
  "inputSchema": {
    "properties": {
      "branch": {
        "description": "Branch to get contents from",
        "type": "string"
      },
      "owner": {
        "description": "Repository owner (username or organization)",
        "type": "string"
      },
      "path": {
        "description": "Path to file/directory (directories must end with a slash '/')",
        "type": "string"
      },
      "repo": {
        "description": "Repository name",
        "type": "string"
      }
    },
    "required": [
      "owner",
      "repo",
      "path"
    ],
    "type": "object"
  },
  "name": "get_file_contents"
}